###############################################################################
#
# IAR ELF Linker V7.30.1.7746/W32 for ARM                 10/Jul/2016  12:33:28
# Copyright 2007-2014 IAR Systems AB.
#
#    Output file  =  
#        L:\Programming Projects\GitWork\За
#        архива\STM32F4---TankController\TankController\Debug\Exe\c.out
#    Map file     =  
#        L:\Programming Projects\GitWork\За
#        архива\STM32F4---TankController\TankController\Debug\List\c.map
#    Command line =  
#        "L:\Programming Projects\GitWork\За
#        архива\STM32F4---TankController\TankController\Debug\Obj\adc.o"
#        "L:\Programming Projects\GitWork\За
#        архива\STM32F4---TankController\TankController\Debug\Obj\dac.o"
#        "L:\Programming Projects\GitWork\За
#        архива\STM32F4---TankController\TankController\Debug\Obj\initPeripheral.o"
#        "L:\Programming Projects\GitWork\За
#        архива\STM32F4---TankController\TankController\Debug\Obj\LCD.o"
#        "L:\Programming Projects\GitWork\За
#        архива\STM32F4---TankController\TankController\Debug\Obj\main.o"
#        "L:\Programming Projects\GitWork\За
#        архива\STM32F4---TankController\TankController\Debug\Obj\mbcrc.o"
#        "L:\Programming Projects\GitWork\За
#        архива\STM32F4---TankController\TankController\Debug\Obj\mbmaster.o"
#        "L:\Programming Projects\GitWork\За
#        архива\STM32F4---TankController\TankController\Debug\Obj\mbslave.o"
#        "L:\Programming Projects\GitWork\За
#        архива\STM32F4---TankController\TankController\Debug\Obj\misc.o"
#        "L:\Programming Projects\GitWork\За
#        архива\STM32F4---TankController\TankController\Debug\Obj\mytim.o"
#        "L:\Programming Projects\GitWork\За
#        архива\STM32F4---TankController\TankController\Debug\Obj\rcc.o"
#        "L:\Programming Projects\GitWork\За
#        архива\STM32F4---TankController\TankController\Debug\Obj\rs232.o"
#        "L:\Programming Projects\GitWork\За
#        архива\STM32F4---TankController\TankController\Debug\Obj\serial.o"
#        "L:\Programming Projects\GitWork\За
#        архива\STM32F4---TankController\TankController\Debug\Obj\startup_stm32f40xx.o"
#        "L:\Programming Projects\GitWork\За
#        архива\STM32F4---TankController\TankController\Debug\Obj\stm32f4xx_adc.o"
#        "L:\Programming Projects\GitWork\За
#        архива\STM32F4---TankController\TankController\Debug\Obj\stm32f4xx_dac.o"
#        "L:\Programming Projects\GitWork\За
#        архива\STM32F4---TankController\TankController\Debug\Obj\stm32f4xx_gpio.o"
#        "L:\Programming Projects\GitWork\За
#        архива\STM32F4---TankController\TankController\Debug\Obj\stm32f4xx_rcc.o"
#        "L:\Programming Projects\GitWork\За
#        архива\STM32F4---TankController\TankController\Debug\Obj\stm32f4xx_syscfg.o"
#        "L:\Programming Projects\GitWork\За
#        архива\STM32F4---TankController\TankController\Debug\Obj\stm32f4xx_tim.o"
#        "L:\Programming Projects\GitWork\За
#        архива\STM32F4---TankController\TankController\Debug\Obj\stm32f4xx_usart.o"
#        "L:\Programming Projects\GitWork\За
#        архива\STM32F4---TankController\TankController\Debug\Obj\system_stm32f4xx.o"
#        "L:\Programming Projects\GitWork\За
#        архива\STM32F4---TankController\TankController\Debug\Obj\tankController.o"
#        "L:\Programming Projects\GitWork\За
#        архива\STM32F4---TankController\TankController\Debug\Obj\usart.o"
#        "L:\Programming Projects\GitWork\За
#        архива\STM32F4---TankController\TankController\Debug\Obj\userLibrary.o"
#        "L:\Programming Projects\GitWork\За
#        архива\STM32F4---TankController\TankController\Debug\Obj\VTimer.o" -o
#        "L:\Programming Projects\GitWork\За
#        архива\STM32F4---TankController\TankController\Debug\Exe\c.out" --map
#        "L:\Programming Projects\GitWork\За
#        архива\STM32F4---TankController\TankController\Debug\List\c.map"
#        --config "C:\Program Files (x86)\IAR Systems\Embedded Workbench
#        7.0\arm\config\linker\ST\stm32f407xG.icf" --semihosting --entry
#        __iar_program_start --vfe
#
###############################################################################

*******************************************************************************
*** RUNTIME MODEL ATTRIBUTES
***

CppFlavor       = *
__SystemLibrary = DLib


*******************************************************************************
*** PLACEMENT SUMMARY
***

"A1":  place at 0x08000000 { ro section .intvec };
"P1":  place in [from 0x08000000 to 0x080fffff] { ro };
"P2":  place in [from 0x20000000 to 0x2001ffff] { rw, block CSTACK, block HEAP };

  Section            Kind        Address    Size  Object
  -------            ----        -------    ----  ------
"A1":                                      0x188
  .intvec            ro code  0x08000000   0x188  startup_stm32f40xx.o [1]
                            - 0x08000188   0x188

"P1":                                     0x417c
  .text              ro code  0x08000188   0xc02  xprintflarge_nomb.o [3]
  .text              ro code  0x08000d8a    0x2e  copy_init3.o [5]
  .text              ro code  0x08000db8    0x16  strchr.o [5]
  .text              ro code  0x08000dce    0x22  zero_init3.o [5]
  .text              ro code  0x08000df0    0x36  strlen.o [5]
  .text              ro code  0x08000e26     0xa  xsprout.o [3]
  .text              ro code  0x08000e30    0x58  memchr.o [5]
  .text              ro code  0x08000e88    0xee  I64DivMod.o [5]
  .text              ro code  0x08000f78    0x76  ABImemcpy_unaligned.o [5]
  .text              ro code  0x08000fee    0x42  xdnorm.o [4]
  .text              ro code  0x08001030    0x2e  DblCmpLe.o [4]
  .text              ro code  0x08001060   0x1a2  DblMul.o [4]
  .text              ro code  0x08001204   0x246  DblDiv.o [4]
  .text              ro code  0x0800144c    0x58  DblToI32.o [4]
  .text              ro code  0x080014a4    0x30  I32ToDbl.o [4]
  .text              ro code  0x080014d4   0x180  DblSub.o [4]
  .text              ro code  0x08001654     0xe  div.o [3]
  .text              ro code  0x08001664     0x2  I64DivZer.o [5]
  .text              ro code  0x08001668    0xe8  DblAdd.o [4]
  .text              ro code  0x08001750   0x968  tankController.o [1]
  .text              ro code  0x080020b8   0x344  initPeripheral.o [1]
  .text              ro code  0x080023fc   0x250  mytim.o [1]
  .text              ro code  0x0800264c   0x25e  stm32f4xx_tim.o [1]
  .text              ro code  0x080028ac    0xfe  userLibrary.o [1]
  .text              ro code  0x080029ac    0x4e  FltToDbl.o [4]
  .text              ro code  0x080029fc    0x90  DblToFlt.o [4]
  .text              ro code  0x08002a8c    0xa0  VTimer.o [1]
  .text              ro code  0x08002b2c    0x34  sprintf.o [3]
  .text              ro code  0x08002b60   0x648  LCD.o [1]
  .text              ro code  0x080031a8    0x44  strcpy_unaligned.o [5]
  .text              ro code  0x080031ec    0x1c  strcat.o [3]
  .text              ro code  0x08003208   0x328  stm32f4xx_rcc.o [1]
  .text              ro code  0x08003530    0xc4  stm32f4xx_gpio.o [1]
  .text              ro code  0x080035f4   0x184  adc.o [1]
  .text              ro code  0x08003778    0x7c  dac.o [1]
  .text              ro code  0x080037f4    0x7c  misc.o [1]
  .text              ro code  0x08003870    0xb0  mbslave.o [1]
  .text              ro code  0x08003920    0xb0  rs232.o [1]
  .text              ro code  0x080039d0    0xcc  stm32f4xx_dac.o [1]
  .text              ro code  0x08003a9c   0x1de  stm32f4xx_adc.o [1]
  .text              ro code  0x08003c7a     0xc  serial.o [1]
  .text              ro code  0x08003c88    0x78  usart.o [1]
  .text              ro code  0x08003d00    0x56  stm32f4xx_usart.o [1]
  .text              ro code  0x08003d58   0x154  system_stm32f4xx.o [1]
  .text              ro code  0x08003eac    0x6c  rcc.o [1]
  .text              ro code  0x08003f18    0x28  data_init.o [5]
  .text              ro code  0x08003f40    0x22  fpinit_M.o [4]
  .iar.init_table    const    0x08003f64    0x24  - Linker created -
  .text              ro code  0x08003f88    0x1c  main.o [1]
  .text              ro code  0x08003fa4    0x1a  cmain.o [5]
  .text              ro code  0x08003fbe     0x4  low_level_init.o [3]
  .text              ro code  0x08003fc2     0x4  exit.o [3]
  .text              ro code  0x08003fc8     0xa  cexit.o [5]
  .text              ro code  0x08003fd4    0x14  exit.o [6]
  .rodata            const    0x08003fe8    0x18  LCD.o [1]
  .rodata            const    0x08004000    0x18  LCD.o [1]
  .rodata            const    0x08004018    0x18  LCD.o [1]
  .rodata            const    0x08004030    0x18  LCD.o [1]
  .rodata            const    0x08004048    0x18  LCD.o [1]
  .rodata            const    0x08004060    0x18  tankController.o [1]
  .rodata            const    0x08004078    0x18  tankController.o [1]
  .rodata            const    0x08004090    0x18  tankController.o [1]
  .rodata            const    0x080040a8    0x18  tankController.o [1]
  .rodata            const    0x080040c0    0x18  tankController.o [1]
  .rodata            const    0x080040d8    0x18  tankController.o [1]
  .rodata            const    0x080040f0    0x18  tankController.o [1]
  .rodata            const    0x08004108    0x18  tankController.o [1]
  .rodata            const    0x08004120    0x14  tankController.o [1]
  .rodata            const    0x08004134    0x14  tankController.o [1]
  .text              ro code  0x08004148    0x10  startup_stm32f40xx.o [1]
  .rodata            const    0x08004158     0xc  LCD.o [1]
  .text              ro code  0x08004164     0xc  cstartup_M.o [5]
  .rodata            const    0x08004170     0x8  tankController.o [1]
  .rodata            const    0x08004178     0x8  tankController.o [1]
  .text              ro code  0x08004180     0x4  startup_stm32f40xx.o [1]
  .text              ro code  0x08004184     0x4  startup_stm32f40xx.o [1]
  .text              ro code  0x08004188     0x4  startup_stm32f40xx.o [1]
  .text              ro code  0x0800418c     0x4  startup_stm32f40xx.o [1]
  .text              ro code  0x08004190     0x4  startup_stm32f40xx.o [1]
  .text              ro code  0x08004194     0x4  startup_stm32f40xx.o [1]
  .text              ro code  0x08004198     0x4  startup_stm32f40xx.o [1]
  .text              ro code  0x0800419c     0x4  startup_stm32f40xx.o [1]
  .text              ro code  0x080041a0     0x4  startup_stm32f40xx.o [1]
  .text              ro code  0x080041a4     0x4  startup_stm32f40xx.o [1]
  .text              ro code  0x080041a8     0x4  startup_stm32f40xx.o [1]
  .text              ro code  0x080041ac     0x4  startup_stm32f40xx.o [1]
  .text              ro code  0x080041b0     0x4  startup_stm32f40xx.o [1]
  .text              ro code  0x080041b4     0x4  startup_stm32f40xx.o [1]
  .text              ro code  0x080041b8     0x4  startup_stm32f40xx.o [1]
  .text              ro code  0x080041bc     0x4  startup_stm32f40xx.o [1]
  .text              ro code  0x080041c0     0x4  startup_stm32f40xx.o [1]
  .text              ro code  0x080041c4     0x4  startup_stm32f40xx.o [1]
  .text              ro code  0x080041c8     0x4  startup_stm32f40xx.o [1]
  .text              ro code  0x080041cc     0x4  startup_stm32f40xx.o [1]
  .text              ro code  0x080041d0     0x4  startup_stm32f40xx.o [1]
  .text              ro code  0x080041d4     0x4  startup_stm32f40xx.o [1]
  .text              ro code  0x080041d8     0x4  startup_stm32f40xx.o [1]
  .text              ro code  0x080041dc     0x4  startup_stm32f40xx.o [1]
  .text              ro code  0x080041e0     0x4  startup_stm32f40xx.o [1]
  .text              ro code  0x080041e4     0x4  startup_stm32f40xx.o [1]
  .text              ro code  0x080041e8     0x4  startup_stm32f40xx.o [1]
  .text              ro code  0x080041ec     0x4  startup_stm32f40xx.o [1]
  .text              ro code  0x080041f0     0x4  startup_stm32f40xx.o [1]
  .text              ro code  0x080041f4     0x4  startup_stm32f40xx.o [1]
  .text              ro code  0x080041f8     0x4  startup_stm32f40xx.o [1]
  .text              ro code  0x080041fc     0x4  startup_stm32f40xx.o [1]
  .text              ro code  0x08004200     0x4  startup_stm32f40xx.o [1]
  .text              ro code  0x08004204     0x4  startup_stm32f40xx.o [1]
  .text              ro code  0x08004208     0x4  startup_stm32f40xx.o [1]
  .text              ro code  0x0800420c     0x4  startup_stm32f40xx.o [1]
  .text              ro code  0x08004210     0x4  startup_stm32f40xx.o [1]
  .text              ro code  0x08004214     0x4  startup_stm32f40xx.o [1]
  .text              ro code  0x08004218     0x4  startup_stm32f40xx.o [1]
  .text              ro code  0x0800421c     0x4  startup_stm32f40xx.o [1]
  .text              ro code  0x08004220     0x4  startup_stm32f40xx.o [1]
  .text              ro code  0x08004224     0x4  startup_stm32f40xx.o [1]
  .text              ro code  0x08004228     0x4  startup_stm32f40xx.o [1]
  .text              ro code  0x0800422c     0x4  startup_stm32f40xx.o [1]
  .text              ro code  0x08004230     0x4  startup_stm32f40xx.o [1]
  .text              ro code  0x08004234     0x4  startup_stm32f40xx.o [1]
  .text              ro code  0x08004238     0x4  startup_stm32f40xx.o [1]
  .text              ro code  0x0800423c     0x4  startup_stm32f40xx.o [1]
  .text              ro code  0x08004240     0x4  startup_stm32f40xx.o [1]
  .text              ro code  0x08004244     0x4  startup_stm32f40xx.o [1]
  .text              ro code  0x08004248     0x4  startup_stm32f40xx.o [1]
  .text              ro code  0x0800424c     0x4  startup_stm32f40xx.o [1]
  .text              ro code  0x08004250     0x4  startup_stm32f40xx.o [1]
  .text              ro code  0x08004254     0x4  startup_stm32f40xx.o [1]
  .text              ro code  0x08004258     0x4  startup_stm32f40xx.o [1]
  .text              ro code  0x0800425c     0x4  startup_stm32f40xx.o [1]
  .text              ro code  0x08004260     0x4  startup_stm32f40xx.o [1]
  .text              ro code  0x08004264     0x4  startup_stm32f40xx.o [1]
  .text              ro code  0x08004268     0x4  startup_stm32f40xx.o [1]
  .text              ro code  0x0800426c     0x4  startup_stm32f40xx.o [1]
  .text              ro code  0x08004270     0x4  startup_stm32f40xx.o [1]
  .text              ro code  0x08004274     0x4  startup_stm32f40xx.o [1]
  .text              ro code  0x08004278     0x4  startup_stm32f40xx.o [1]
  .text              ro code  0x0800427c     0x4  startup_stm32f40xx.o [1]
  .text              ro code  0x08004280     0x4  startup_stm32f40xx.o [1]
  .text              ro code  0x08004284     0x4  startup_stm32f40xx.o [1]
  .text              ro code  0x08004288     0x4  startup_stm32f40xx.o [1]
  .text              ro code  0x0800428c     0x4  startup_stm32f40xx.o [1]
  .text              ro code  0x08004290     0x4  startup_stm32f40xx.o [1]
  .text              ro code  0x08004294     0x4  startup_stm32f40xx.o [1]
  .text              ro code  0x08004298     0x4  startup_stm32f40xx.o [1]
  .text              ro code  0x0800429c     0x4  startup_stm32f40xx.o [1]
  .text              ro code  0x080042a0     0x4  startup_stm32f40xx.o [1]
  .text              ro code  0x080042a4     0x4  startup_stm32f40xx.o [1]
  .text              ro code  0x080042a8     0x4  startup_stm32f40xx.o [1]
  .text              ro code  0x080042ac     0x4  startup_stm32f40xx.o [1]
  .text              ro code  0x080042b0     0x4  startup_stm32f40xx.o [1]
  .text              ro code  0x080042b4     0x4  startup_stm32f40xx.o [1]
  .text              ro code  0x080042b8     0x4  startup_stm32f40xx.o [1]
  .text              ro code  0x080042bc     0x4  startup_stm32f40xx.o [1]
  .text              ro code  0x080042c0     0x4  startup_stm32f40xx.o [1]
  .text              ro code  0x080042c4     0x4  startup_stm32f40xx.o [1]
  .text              ro code  0x080042c8     0x4  startup_stm32f40xx.o [1]
  .text              ro code  0x080042cc     0x4  startup_stm32f40xx.o [1]
  .text              ro code  0x080042d0     0x4  startup_stm32f40xx.o [1]
  .rodata            const    0x080042d4     0x0  zero_init3.o [5]
  .rodata            const    0x080042d4     0x0  copy_init3.o [5]
  Initializer bytes  ro data  0x080042d4    0x30  <for P2 s0>
                            - 0x08004304  0x417c

"P2":                                     0x2398
  P2 s0                       0x20000000    0x30  <Init block>
    .data            inited   0x20000000    0x18  LCD.o [1]
    .data            inited   0x20000018    0x10  stm32f4xx_rcc.o [1]
    .data            inited   0x20000028     0x4  mytim.o [1]
    .data            inited   0x2000002c     0x4  system_stm32f4xx.o [1]
  .bss               zero     0x20000030   0x100  mbslave.o [1]
  .bss               zero     0x20000130   0x100  rs232.o [1]
  .bss               zero     0x20000230    0x4c  VTimer.o [1]
  .bss               zero     0x2000027c    0x40  tankController.o [1]
  .bss               zero     0x200002bc    0x20  tankController.o [1]
  .bss               zero     0x200002dc    0x20  tankController.o [1]
  .bss               zero     0x200002fc    0x18  tankController.o [1]
  .bss               zero     0x20000314    0x18  tankController.o [1]
  .bss               zero     0x2000032c    0x18  tankController.o [1]
  .bss               zero     0x20000344    0x18  tankController.o [1]
  .bss               zero     0x2000035c    0x10  rcc.o [1]
  .bss               zero     0x2000036c     0x8  LCD.o [1]
  .bss               zero     0x20000374     0x4  LCD.o [1]
  .bss               zero     0x20000378     0x4  LCD.o [1]
  .bss               zero     0x2000037c     0x2  mbslave.o [1]
  .bss               zero     0x2000037e     0x2  rs232.o [1]
  .bss               zero     0x20000380     0x2  VTimer.o [1]
  .bss               zero     0x20000382     0x1  LCD.o [1]
  .bss               zero     0x20000383     0x1  LCD.o [1]
  .bss               zero     0x20000384     0x1  LCD.o [1]
  .bss               zero     0x20000385     0x1  LCD.o [1]
  .bss               zero     0x20000386     0x1  LCD.o [1]
  .bss               zero     0x20000387     0x1  LCD.o [1]
  .bss               zero     0x20000388     0x1  LCD.o [1]
  .bss               zero     0x20000389     0x1  mbslave.o [1]
  .bss               zero     0x2000038a     0x1  mbslave.o [1]
  .bss               zero     0x2000038b     0x1  mbslave.o [1]
  .bss               zero     0x2000038c     0x1  rs232.o [1]
  .bss               zero     0x2000038d     0x1  rs232.o [1]
  .bss               zero     0x2000038e     0x1  rs232.o [1]
  .bss               zero     0x2000038f     0x1  tankController.o [1]
  .bss               zero     0x20000390     0x1  tankController.o [1]
  .bss               zero     0x20000391     0x1  tankController.o [1]
  .bss               zero     0x20000392     0x1  tankController.o [1]
  CSTACK                      0x20000398  0x2000  <Block>
    CSTACK           uninit   0x20000398  0x2000  <Block tail>
                            - 0x20002398  0x2398


*******************************************************************************
*** INIT TABLE
***

          Address     Size
          -------     ----
Zero (__iar_zero_init3)
    1 destination range, total size 0x363:
          0x20000030  0x363

Copy (__iar_copy_init3)
    1 source range, total size 0x30:
          0x080042d4   0x30
    1 destination range, total size 0x30:
          0x20000000   0x30



*******************************************************************************
*** MODULE SUMMARY
***

    Module                 ro code  ro data  rw data
    ------                 -------  -------  -------
L:\Programming Projects\GitWork\За архива\STM32F4---TankController\TankController\Debug\Obj: [1]
    LCD.o                    1 608      156       47
    VTimer.o                   160                78
    adc.o                      388
    dac.o                      124
    initPeripheral.o           836
    main.o                      28
    mbslave.o                  176               261
    misc.o                     124
    mytim.o                    592        4        4
    rcc.o                      108                16
    rs232.o                    176               261
    serial.o                    12
    startup_stm32f40xx.o       748
    stm32f4xx_adc.o            478
    stm32f4xx_dac.o            204
    stm32f4xx_gpio.o           196
    stm32f4xx_rcc.o            808       16       16
    stm32f4xx_tim.o            606
    stm32f4xx_usart.o           86
    system_stm32f4xx.o         340        4        4
    tankController.o         2 408      248      228
    usart.o                    120
    userLibrary.o              254
    ------------------------------------------------
    Total:                  10 580      428      915

command line: [2]
    ------------------------------------------------
    Total:

dl7M_tln.a: [3]
    div.o                       14
    exit.o                       4
    low_level_init.o             4
    sprintf.o                   52
    strcat.o                    28
    xprintflarge_nomb.o      3 074
    xsprout.o                   10
    ------------------------------------------------
    Total:                   3 186

m7M_tlv.a: [4]
    DblAdd.o                   232
    DblCmpLe.o                  46
    DblDiv.o                   582
    DblMul.o                   418
    DblSub.o                   384
    DblToFlt.o                 144
    DblToI32.o                  88
    FltToDbl.o                  78
    I32ToDbl.o                  48
    fpinit_M.o                  34
    xdnorm.o                    66
    ------------------------------------------------
    Total:                   2 120

rt7M_tl.a: [5]
    ABImemcpy_unaligned.o      118
    I64DivMod.o                238
    I64DivZer.o                  2
    cexit.o                     10
    cmain.o                     26
    copy_init3.o                46
    cstartup_M.o                12
    data_init.o                 40
    memchr.o                    88
    strchr.o                    22
    strcpy_unaligned.o          68
    strlen.o                    54
    zero_init3.o                34
    ------------------------------------------------
    Total:                     758

shb_l.a: [6]
    exit.o                      20
    ------------------------------------------------
    Total:                      20

    Gaps                        26        2
    Linker created                       36    8 192
----------------------------------------------------
    Grand Total:            16 690      466    9 107


*******************************************************************************
*** ENTRY LIST
***

Entry                      Address   Size  Type      Object
-----                      -------   ----  ----      ------
?main                   0x08003fa5         Code  Gb  cmain.o [5]
ADC_ClearFlag           0x08003c73    0x8  Code  Gb  stm32f4xx_adc.o [1]
ADC_Cmd                 0x08003b0f   0x1a  Code  Gb  stm32f4xx_adc.o [1]
ADC_CommonInit          0x08003aed   0x22  Code  Gb  stm32f4xx_adc.o [1]
ADC_EOCOnEachRegularChannelCmd
                        0x08003c29   0x1a  Code  Gb  stm32f4xx_adc.o [1]
ADC_GetConversionValue  0x08003c43    0x6  Code  Gb  stm32f4xx_adc.o [1]
ADC_GetFlagStatus       0x08003c59   0x1a  Code  Gb  stm32f4xx_adc.o [1]
ADC_Init                0x08003a9d   0x50  Code  Gb  stm32f4xx_adc.o [1]
ADC_RegularChannelConfig
                        0x08003b29   0xf6  Code  Gb  stm32f4xx_adc.o [1]
ADC_SoftwareStartConv   0x08003c1f    0xa  Code  Gb  stm32f4xx_adc.o [1]
APBAHBPrescTable        0x20000018   0x10  Data  Lc  stm32f4xx_rcc.o [1]
CSTACK$$Base            0x20000398          --   Gb  - Linker created -
CSTACK$$Limit           0x20002398          --   Gb  - Linker created -
CalcPIDOutput           0x08001ac9  0x28e  Code  Gb  tankController.o [1]
ControllerAcknowledge   0x2000038f    0x1  Data  Gb  tankController.o [1]
ControllerDisplayDataTask
                        0x08001e85  0x190  Code  Gb  tankController.o [1]
ControllerReady         0x20000390    0x1  Data  Gb  tankController.o [1]
ControllerTask          0x08001d95   0x60  Code  Gb  tankController.o [1]
ConvertTimerIDToVTimerIndex
                        0x08002ac5   0x10  Code  Gb  VTimer.o [1]
DAC_Cmd                 0x08003a03   0x26  Code  Gb  stm32f4xx_dac.o [1]
DAC_Init                0x080039d1   0x32  Code  Gb  stm32f4xx_dac.o [1]
DAC_SetChannel1Data     0x08003a57   0x1e  Code  Gb  stm32f4xx_dac.o [1]
DAC_SetChannel2Data     0x08003a75   0x1e  Code  Gb  stm32f4xx_dac.o [1]
DAC_SoftwareTriggerCmd  0x08003a29   0x2e  Code  Gb  stm32f4xx_dac.o [1]
EnableVTimers           0x08002ab7    0xe  Code  Gb  VTimer.o [1]
EventInQueue            0x2000038d    0x1  Data  Gb  rs232.o [1]
GPIO_Init               0x08003531   0xaa  Code  Gb  stm32f4xx_gpio.o [1]
GPIO_ReadInputDataBit   0x080035db   0x1a  Code  Gb  stm32f4xx_gpio.o [1]
GetADCValue             0x0800372d   0x4c  Code  Gb  adc.o [1]
GetAnalogInput          0x08002923   0x2c  Code  Gb  userLibrary.o [1]
GetByte                 0x08003c7b    0xc  Code  Gb  serial.o [1]
GetSwitchState          0x080028ad   0x3c  Code  Gb  userLibrary.o [1]
GetTimerCounter         0x08002b1b    0x6  Code  Gb  VTimer.o [1]
GetTrimmerValue         0x080028e9   0x3a  Code  Gb  userLibrary.o [1]
InitADC                 0x08002345   0x54  Code  Gb  initPeripheral.o [1]
InitControllerPeripheral
                        0x08001751   0x5a  Code  Gb  tankController.o [1]
InitDAC                 0x08002399   0x50  Code  Gb  initPeripheral.o [1]
InitLCD                 0x08002b61   0x8c  Code  Gb  LCD.o [1]
InitLED                 0x080020b9  0x1b4  Code  Gb  initPeripheral.o [1]
InitRCC                 0x08003ead   0x6c  Code  Gb  rcc.o [1]
InitSwitch              0x0800226d   0x5c  Code  Gb  initPeripheral.o [1]
InitTIM2                0x080023fd   0x7e  Code  Gb  mytim.o [1]
InitTIM5                0x080025cd   0x70  Code  Gb  mytim.o [1]
InitTrimmer             0x080022c9   0x7c  Code  Gb  initPeripheral.o [1]
InitVTimers             0x08002a8d   0x2a  Code  Gb  VTimer.o [1]
Init_ADC1               0x080035f5   0x64  Code  Gb  adc.o [1]
Init_ADC2               0x08003659   0x64  Code  Gb  adc.o [1]
Init_ADC3               0x080036bd   0x64  Code  Gb  adc.o [1]
Init_DAC_1              0x08003779   0x3e  Code  Gb  dac.o [1]
Init_DAC_2              0x080037b7   0x3e  Code  Gb  dac.o [1]
IsVTimerElapsed         0x08002af1   0x22  Code  Gb  VTimer.o [1]
LCDAcknowledge          0x20000391    0x1  Data  Gb  tankController.o [1]
LCDBuffer               0x200002dc   0x20  Data  Gb  tankController.o [1]
LCDRequest              0x20000392    0x1  Data  Gb  tankController.o [1]
LCDSet                  0x08002bed   0x64  Code  Gb  LCD.o [1]
LCDStrWrite             0x08003169   0x28  Code  Gb  LCD.o [1]
LCD_GPIO_CLK            0x08004048   0x18  Data  Gb  LCD.o [1]
LCD_GPIO_PIN            0x08004158    0xc  Data  Gb  LCD.o [1]
LCD_GPIO_PORT           0x20000000   0x18  Data  Gb  LCD.o [1]
LCDbegin                0x08002cef  0x1a0  Code  Gb  LCD.o [1]
LCDclear                0x08002ead   0x12  Code  Gb  LCD.o [1]
LCDcommand              0x08002f19   0x10  Code  Gb  LCD.o [1]
LCDdisplay              0x08002ef5   0x24  Code  Gb  LCD.o [1]
LCDhome                 0x08002ebf   0x12  Code  Gb  LCD.o [1]
LCDinit                 0x08002c51   0x9e  Code  Gb  LCD.o [1]
LCDnoDisplay            0x08002ed1   0x24  Code  Gb  LCD.o [1]
LCDprint                0x08003191   0x18  Code  Gb  LCD.o [1]
LCDpulseEnable          0x08002f83   0x34  Code  Gb  LCD.o [1]
LCDsend                 0x08002f3b   0x48  Code  Gb  LCD.o [1]
LCDsetRowOffsets        0x08002e8f   0x1e  Code  Gb  LCD.o [1]
LCDwrite                0x08002f29   0x12  Code  Gb  LCD.o [1]
LCDwrite4bits           0x08002fb7   0x28  Code  Gb  LCD.o [1]
LCDwrite8bits           0x08002fdf   0x28  Code  Gb  LCD.o [1]
LoadInt                 0x08000703   0x6e  Code  Lc  xprintflarge_nomb.o [3]
MBEventInQueue          0x2000038a    0x1  Data  Gb  mbslave.o [1]
MBQueuedEvent           0x20000389    0x1  Data  Gb  mbslave.o [1]
MBRcvBufferPos          0x2000037c    0x2  Data  Lc  mbslave.o [1]
MBRcvState              0x2000038b    0x1  Data  Lc  mbslave.o [1]
MBReceiveFSM            0x08003871   0x70  Code  Gb  mbslave.o [1]
MBTimerExpired          0x080038e1   0x2a  Code  Gb  mbslave.o [1]
MYCLOCKS                0x2000035c   0x10  Data  Gb  rcc.o [1]
ModBusTimerDisable      0x08002509    0xc  Code  Gb  mytim.o [1]
ModBusTimerEnable       0x080024f3   0x16  Code  Gb  mytim.o [1]
NVIC_Init               0x080037f5   0x6a  Code  Gb  misc.o [1]
OneMkSecCNT             0x20000374    0x4  Data  Gb  LCD.o [1]
PID                     0x2000027c   0x40  Data  Gb  tankController.o [1]
QueuedEvent             0x2000038c    0x1  Data  Gb  rs232.o [1]
RCC_AHB1PeriphClockCmd  0x080033f9   0x1e  Code  Gb  stm32f4xx_rcc.o [1]
RCC_APB1PeriphClockCmd  0x08003417   0x1e  Code  Gb  stm32f4xx_rcc.o [1]
RCC_APB1PeriphResetCmd  0x08003453   0x1e  Code  Gb  stm32f4xx_rcc.o [1]
RCC_APB2PeriphClockCmd  0x08003435   0x1e  Code  Gb  stm32f4xx_rcc.o [1]
RCC_APB2PeriphResetCmd  0x08003471   0x1e  Code  Gb  stm32f4xx_rcc.o [1]
RCC_DeInit              0x08003209   0x58  Code  Gb  stm32f4xx_rcc.o [1]
RCC_GetClocksFreq       0x080032f9  0x100  Code  Gb  stm32f4xx_rcc.o [1]
RCC_GetFlagStatus       0x0800348f   0x50  Code  Gb  stm32f4xx_rcc.o [1]
RCC_HCLKConfig          0x080032af   0x18  Code  Gb  stm32f4xx_rcc.o [1]
RCC_HSICmd              0x08003261    0xa  Code  Gb  stm32f4xx_rcc.o [1]
RCC_PCLK1Config         0x080032c7   0x18  Code  Gb  stm32f4xx_rcc.o [1]
RCC_PCLK2Config         0x080032df   0x1a  Code  Gb  stm32f4xx_rcc.o [1]
RCC_PLLCmd              0x0800328d    0xa  Code  Gb  stm32f4xx_rcc.o [1]
RCC_PLLConfig           0x0800326b   0x22  Code  Gb  stm32f4xx_rcc.o [1]
RCC_SYSCLKConfig        0x08003297   0x18  Code  Gb  stm32f4xx_rcc.o [1]
RS232RcvBufferPos       0x2000037e    0x2  Data  Lc  rs232.o [1]
RS232ReceiveFSM         0x08003921   0x70  Code  Gb  rs232.o [1]
RS232RecieveBuffer      0x20000130  0x100  Data  Gb  rs232.o [1]
RS232TimerDisable       0x080025a1    0xc  Code  Gb  mytim.o [1]
RS232TimerEnable        0x0800258b   0x16  Code  Gb  mytim.o [1]
RS232TimerExpired       0x08003991   0x2a  Code  Gb  rs232.o [1]
RcvState                0x2000038e    0x1  Data  Lc  rs232.o [1]
ReInitModBusTimer       0x0800249d   0x56  Code  Gb  mytim.o [1]
ReInitRS232Timer        0x08002535   0x56  Code  Gb  mytim.o [1]
ReadControllerModeCommand
                        0x080019c7   0x26  Code  Gb  tankController.o [1]
ReadFluidLevelValue     0x080018d9   0x78  Code  Gb  tankController.o [1]
ReadManualControlSignal
                        0x08001a5d   0x62  Code  Gb  tankController.o [1]
ReadOutputFlowRateValue
                        0x08001951   0x76  Code  Gb  tankController.o [1]
ReadSetpointValue       0x080019ed   0x6e  Code  Gb  tankController.o [1]
RecieveBuffer           0x20000030  0x100  Data  Gb  mbslave.o [1]
Region$$Table$$Base     0x08003f64          --   Gb  - Linker created -
Region$$Table$$Limit    0x08003f88          --   Gb  - Linker created -
ResetTimerCounter       0x08002b13    0x8  Code  Gb  VTimer.o [1]
Row1                    0x200002fc   0x18  Data  Gb  tankController.o [1]
Row2                    0x20000314   0x18  Data  Gb  tankController.o [1]
Row3                    0x2000032c   0x18  Data  Gb  tankController.o [1]
Row4                    0x20000344   0x18  Data  Gb  tankController.o [1]
SetAnalogOutput         0x08002961   0x4a  Code  Gb  userLibrary.o [1]
SetControlVoltageOutput
                        0x08001d57   0x3e  Code  Gb  tankController.o [1]
SetInitialConditions    0x080017ab  0x12c  Code  Gb  tankController.o [1]
SetSysClock             0x08003dab   0xce  Code  Lc  system_stm32f4xx.o [1]
SetVTimerValue          0x08002ad5   0x1c  Code  Gb  VTimer.o [1]
Signals                 0x200002bc   0x20  Data  Gb  tankController.o [1]
SystemCoreClock         0x2000002c    0x4  Data  Gb  system_stm32f4xx.o [1]
SystemInit              0x08003d59   0x52  Code  Gb  system_stm32f4xx.o [1]
TIM2_IRQHandler         0x0800247b   0x22  Code  Gb  mytim.o [1]
TIM3_IRQHandler         0x08002515   0x20  Code  Gb  mytim.o [1]
TIM4_IRQHandler         0x080025ad   0x20  Code  Gb  mytim.o [1]
TIM5_IRQHandler         0x08001df5   0x8c  Code  Gb  tankController.o [1]
TIM_ClearFlag           0x0800289b    0x8  Code  Gb  stm32f4xx_tim.o [1]
TIM_ClearITPendingBit   0x080028a3    0x8  Code  Gb  stm32f4xx_tim.o [1]
TIM_Cmd                 0x08002833   0x1c  Code  Gb  stm32f4xx_tim.o [1]
TIM_DeInit              0x0800264d  0x17c  Code  Gb  stm32f4xx_tim.o [1]
TIM_ITConfig            0x08002885   0x16  Code  Gb  stm32f4xx_tim.o [1]
TIM_TimeBaseInit        0x080027c9   0x6a  Code  Gb  stm32f4xx_tim.o [1]
USART2_IRQHandler       0x08003cc1   0x1a  Code  Gb  usart.o [1]
USART3_IRQHandler       0x08003cdb   0x1a  Code  Gb  usart.o [1]
USART_ClearFlag         0x08003d27    0xc  Code  Gb  stm32f4xx_usart.o [1]
USART_ClearITPendingBit
                        0x08003d33   0x24  Code  Gb  stm32f4xx_usart.o [1]
USART_GetFlagStatus     0x08003d09   0x1e  Code  Gb  stm32f4xx_usart.o [1]
USART_ReceiveData       0x08003d01    0x8  Code  Gb  stm32f4xx_usart.o [1]
_GenldLargeNoMb         0x08000af9  0x248  Code  Lc  xprintflarge_nomb.o [3]
_LdtobLargeNoMb         0x08000879  0x27a  Code  Lc  xprintflarge_nomb.o [3]
_LitobLargeNoMb         0x08000771  0x106  Code  Lc  xprintflarge_nomb.o [3]
_PrintfLargeNoMb        0x08000189  0x574  Code  Gb  xprintflarge_nomb.o [3]
_PutcharsLargeNoMb      0x08000d41   0x2e  Code  Lc  xprintflarge_nomb.o [3]
_SProut                 0x08000e27    0xa  Code  Gb  xsprout.o [3]
__aeabi_cdcmple         0x08001031         Code  Gb  DblCmpLe.o [4]
__aeabi_d2f             0x080029fd         Code  Gb  DblToFlt.o [4]
__aeabi_d2iz            0x0800144d         Code  Gb  DblToI32.o [4]
__aeabi_d2uiz           0x08001479         Code  Gb  DblToI32.o [4]
__aeabi_dadd            0x08001669         Code  Gb  DblAdd.o [4]
__aeabi_ddiv            0x08001205         Code  Gb  DblDiv.o [4]
__aeabi_dmul            0x08001061         Code  Gb  DblMul.o [4]
__aeabi_dsub            0x080014d5         Code  Gb  DblSub.o [4]
__aeabi_f2d             0x080029ad         Code  Gb  FltToDbl.o [4]
__aeabi_i2d             0x080014a5         Code  Gb  I32ToDbl.o [4]
__aeabi_ldiv0           0x08001665         Code  Gb  I64DivZer.o [5]
__aeabi_ui2d            0x080014b9         Code  Gb  I32ToDbl.o [4]
__aeabi_uldivmod        0x08000e89         Code  Gb  I64DivMod.o [5]
__cmain                 0x08003fa5         Code  Gb  cmain.o [5]
__exit                  0x08003fd5   0x14  Code  Gb  exit.o [6]
__iar_Dnorm             0x08000fef   0x42  Code  Gb  xdnorm.o [4]
__iar_Memchr            0x08000e31         Code  Gb  memchr.o [5]
__iar_Strchr            0x08000db9         Code  Gb  strchr.o [5]
__iar_copy_init3        0x08000d8b   0x2e  Code  Gb  copy_init3.o [5]
__iar_d2uiz             0x08001485         Code  Gb  DblToI32.o [4]
__iar_dadd              0x0800167d         Code  Gb  DblAdd.o [4]
__iar_data_init3        0x08003f19   0x28  Code  Gb  data_init.o [5]
__iar_dsub              0x080014e9         Code  Gb  DblSub.o [4]
__iar_dsubStart         0x080014fb         Code  Gb  DblSub.o [4]
__iar_init_vfp          0x08003f41         Code  Gb  fpinit_M.o [4]
__iar_program_start     0x08004165         Code  Gb  cstartup_M.o [5]
__iar_ui2d              0x080014bd         Code  Gb  I32ToDbl.o [4]
__iar_unaligned___aeabi_memcpy
                        0x08000f79         Code  Gb  ABImemcpy_unaligned.o [5]
__iar_unaligned___aeabi_memcpy4
                        0x08000f99         Code  Gb  ABImemcpy_unaligned.o [5]
__iar_unaligned___aeabi_memcpy8
                        0x08000f99         Code  Gb  ABImemcpy_unaligned.o [5]
__iar_unaligned_strcpy  0x080031a9         Code  Gb  strcpy_unaligned.o [5]
__iar_zero_init3        0x08000dcf   0x22  Code  Gb  zero_init3.o [5]
__low_level_init        0x08003fbf    0x4  Code  Gb  low_level_init.o [3]
__vector_table          0x08000000         Data  Gb  startup_stm32f40xx.o [1]
_call_main              0x08003fb1         Code  Gb  cmain.o [5]
_data_pins              0x2000036c    0x8  Data  Lc  LCD.o [1]
_displaycontrol         0x20000386    0x1  Data  Lc  LCD.o [1]
_displayfunction        0x20000385    0x1  Data  Lc  LCD.o [1]
_displaymode            0x20000387    0x1  Data  Lc  LCD.o [1]
_enable_pin             0x20000384    0x1  Data  Lc  LCD.o [1]
_exit                   0x08003fc9         Code  Gb  cexit.o [5]
_main                   0x08003fbb         Code  Gb  cmain.o [5]
_numlines               0x20000388    0x1  Data  Lc  LCD.o [1]
_row_offsets            0x20000378    0x4  Data  Lc  LCD.o [1]
_rs_pin                 0x20000383    0x1  Data  Lc  LCD.o [1]
_rw_pin                 0x20000382    0x1  Data  Lc  LCD.o [1]
arrVTimers              0x20000230   0x4c  Data  Gb  VTimer.o [1]
delayMicroseconds       0x080030e1   0x2c  Code  Gb  LCD.o [1]
digitalWrite            0x080030ad   0x34  Code  Gb  LCD.o [1]
div                     0x08001655    0xe  Code  Gb  div.o [3]
exit                    0x08003fc3    0x4  Code  Gb  exit.o [3]
main                    0x08003f89   0x1c  Code  Gb  main.o [1]
memchr                  0x08000e31         Code  Gb  memchr.o [5]
pinMode                 0x08003007   0xa6  Code  Gb  LCD.o [1]
recieveMyUSART          0x08003c89   0x38  Code  Gb  usart.o [1]
sprintf                 0x08002b2d   0x34  Code  Gb  sprintf.o [3]
strcat                  0x080031ed   0x1c  Code  Gb  strcat.o [3]
strchr                  0x08000db9         Code  Gb  strchr.o [5]
strlen                  0x08000df1         Code  Gb  strlen.o [5]
timerCounter            0x20000028    0x4  Data  Gb  mytim.o [1]
vtimersRestartCount     0x20000380    0x2  Data  Gb  VTimer.o [1]


[1] = L:\Programming Projects\GitWork\За архива\STM32F4---TankController\TankController\Debug\Obj
[2] = command line
[3] = dl7M_tln.a
[4] = m7M_tlv.a
[5] = rt7M_tl.a
[6] = shb_l.a

  16 690 bytes of readonly  code memory
     466 bytes of readonly  data memory
   9 107 bytes of readwrite data memory

Errors: none
Warnings: none
